
> pulsefiles@0.1.0 build
> next build

▲ Next.js 16.1.2 (Turbopack)
- Environments: .env
- Experiments (use with caution):
  · clientTraceMetadata

  Creating an optimized production build ...
✓ Compiled successfully in 9.8s
  Running next.config.js provided runAfterProductionCompile ...
✓ Completed runAfterProductionCompile in 661ms
  Running TypeScript ...
  Collecting page data using 15 workers ...
⚠ Using edge runtime on a page currently disables static generation for that page
  Generating static pages using 15 workers (0/22) ...
  Generating static pages using 15 workers (5/22) 
  Generating static pages using 15 workers (10/22) 
  Generating static pages using 15 workers (16/22) 
✓ Generating static pages using 15 workers (22/22) in 600.4ms
  Finalizing page optimization ...

Route (app)
┌ ○ /
├ ○ /_not-found
├ ○ /account
├ ○ /admin
├ ƒ /api/api-keys
├ ƒ /api/auto-cleanup
├ ƒ /api/cleanup
├ ƒ /api/cron/cleanup
├ ƒ /api/cron/keep-alive
├ ƒ /api/secure-download/[id]
├ ƒ /api/send-email
├ ƒ /api/sentry-example-api
├ ƒ /api/share
├ ƒ /api/upload
├ ƒ /api/upload-chunk
├ ƒ /api/user/files
├ ○ /apple-icon.png
├ ○ /dashboard
├ ƒ /download/[id]
├ ○ /info
├ ○ /manifest.webmanifest
├ ƒ /opengraph-image
├ ○ /robots.txt
├ ○ /sentry-example-page
├ ƒ /sign-in/[[...sign-in]]
├ ƒ /sign-up/[[...sign-up]]
├ ○ /sitemap.xml
└ ƒ /twitter-image


ƒ Proxy (Middleware)

○  (Static)   prerendered as static content
ƒ  (Dynamic)  server-rendered on demand

